// Jest Snapshot v1, https://goo.gl/fbAQLP

exports[`ColorIndicator snapshot 1`] = `
<Styled(View)
  style={
    Object {
      "backgroundColor": "#ff0000",
    }
  }
/>
`;
