// Jest Snapshot v1, https://goo.gl/fbAQLP

exports[`<InputIcon /> snapshot 1`] = `
<Styled(Icon)
  name="checkmark-circle"
/>
`;
